// Jest Snapshot v1, https://goo.gl/fbAQLP

exports[`Post must pass a snapshot test 1`] = `
<div
  className="Post__container"
  style={null}
>
  <div
    className="Post__menu "
  >
    <button
      className="Post__menu-item"
      onClick={[Function]}
    >
      Unfollow user
    </button>
  </div>
  <div
    className="Post__header"
  >
    <img
      alt=""
      className="Post__avatar"
      src="//www.gravatar.com/avatar/e13743a7f1db7f4246badd6fd6ff54ff?s=200&r=pg&d=mm"
    />
    <button
      className="Post__button--menu"
      onClick={[Function]}
    >
      <FaEllipsisV />
    </button>
    <div
      className="Post__name"
    >
      <field
        inline={true}
        label="John Doe"
        onClick={[Function]}
        style={
          Object {
            "fontSize": "1.25rem",
          }
        }
        type="linkButton"
      />
    </div>
    <p
      className="Post__date"
    >
      September 17, 2018, 2:18:16 AM
    </p>
  </div>
  <p
    className="Post__body"
  >
    Tas nisl commlor sit amet, consec!
  </p>
  <div
    className="Post__stats"
  >
    <span>
      3
       likes  •  
      2
       comments
    </span>
  </div>
  <div
    className="Post__buttons"
  >
    <field
      inline={true}
      onClick={[Function]}
      style={null}
      type="linkButton"
    >
      <span
        className="Post__buttons-icon"
      >
        <FaThumbsUp />
      </span>
       Like
    </field>
    <field
      inline={true}
      onClick={[Function]}
      style={
        Object {
          "marginLeft": "1rem",
        }
      }
      type="linkButton"
    >
      <span
        className="Post__buttons-icon"
      >
        <FaComments />
      </span>
       Comment
    </field>
  </div>
</div>
`;
