// Jest Snapshot v1, https://goo.gl/fbAQLP

exports[`ActionLine matches snapshot 1`] = `
<div
  style={
    Object {
      "display": "flex",
      "width": "100%",
    }
  }
>
  <field
    containerStyle={
      Object {
        "flexBasis": "9rem",
        "margin": 0,
        "marginTop": ".15rem",
      }
    }
    label="Label1"
    onClick={[MockFunction]}
    type="linkButton"
  />
  <field
    containerStyle={
      Object {
        "margin": 0,
        "marginTop": ".15rem",
      }
    }
    label="Cancel"
    onClick={[Function]}
    type="linkButton"
  />
</div>
`;
