// Jest Snapshot v1, https://goo.gl/fbAQLP

exports[`CreatorsList must pass a snapshot test 1`] = `
<Component
  followAPerson={[MockFunction]}
  list={
    Array [
      Object {
        "_id": "aaa987",
        "avatar": "//gravatar.com/12345",
        "company": "Some Company",
        "name": "John Doe",
        "title": "Web Developer",
      },
    ]
  }
/>
`;
