// Jest Snapshot v1, https://goo.gl/fbAQLP

exports[`Greeter matches snapshot 1`] = `
<div
  className="Greeter__container"
>
  <div
    className="Greeter__logo-screen false"
  >
    <div
      className="Greeter__logo"
    >
      <span>
        We
      </span>
      <span>
        Work
      </span>
    </div>
    <span
      className="Greeter__headline false"
    >
      Social networking platform for professionals
    </span>
    <p
      className="Greeter__headline_warning false"
    >
      Support for vertical layouts has not been implemented yet!
    </p>
    <p
      className="Greeter__headline_warning false"
    >
      If you would like to contribute, please open a Pull Request at github.com/arkadyt/wework!
    </p>
    <p
      className="Greeter__headline_warning false"
    >
      In the meanwhile you can try reloading this page in landscape mode or visiting it from a desktop computer!
    </p>
  </div>
  <div
    className="Greeter__white-screen false"
  />
</div>
`;
