// Jest Snapshot v1, https://goo.gl/fbAQLP

exports[`CommentNode must pass a snapshot test 1`] = `
<div
  className="CommentNode-container"
>
  <p>
    <b>
      John Grapard
    </b>
     said at 
    September 19, 2018, 1:24:07 AM
    :
  </p>
  <p
    className="CommentNode-container-Node-body"
  >
    Hahahahahahahaaa!
  </p>
  <div>
    <field
      inline={true}
      label="Delete"
      onClick={[Function]}
      type="linkButton"
    />
  </div>
</div>
`;
